---
source: src/details_widget.rs
expression: terminal.backend()
---
"Command                 Time      Lines       Size"
"<stdin>                    -          0        0 B"
"                                                  "
"                                                  "
"                                                  "
"                                                  "
"                                                  "
"                                                  "
"                                                  "
"                                                  "
