---
source: src/app.rs
expression: terminal.backend()
---
"                               ┌ Keys ──────────────────────────────┐                               "
"                               │                                    │                               "
"                               │enter        - Execute full command │                               "
"                               │alt+\        - Execute until cursor │                               "
"                               │alt+|        - Execute before cursor│                               "
"                               │alt+i        - Reset input          │                               "
"                               │                                    │                               "
"                               │ctrl+s       - Save output to file  │                               "
"                               │ctrl+alt+s   - Save command to file │                               "
"                               │                                    │                               "
"                               │f3           - Search next          │                               "
"┌──────────────────────────────│f4           - Search previous      │──────────────────────────────┐"
"│                              │alt+x        - Toggle regex mode    │                              │"
"└──────────────────────────────│                 ▼                  │──────────────────────────────┘"
"                          ^C Qu└────────────────────────────────────┘12 Live                    L:0 "
