---
source: src/save_to_file_widget.rs
expression: terminal.backend()
---
"                                                                                                    "
"                                                                                                    "
"                                                                                                    "
"                                                                                                    "
"                                                                                                    "
"                                                                                                    "
"                                                                                                    "
"                    ┌ Test ────────────────────────────────────────────────────┐                    "
"                    │┌────────────────────────────────────────────────────────┐│▓                   "
"                    ││test-exists.txt                                         ││▓                   "
"                    │└────────────────────────────────────────────────────────┘│▓                   "
"                    │File exists                                               │▓                   "
"                    │                                    Overwrite? [Y]es [N]o │▓                   "
"                    └──────────────────────────────────────────────────────────┘▓                   "
"                     ▓▓▓▓▓▓▓▓▓▓▓▓▓▓▓▓▓▓▓▓▓▓▓▓▓▓▓▓▓▓▓▓▓▓▓▓▓▓▓▓▓▓▓▓▓▓▓▓▓▓▓▓▓▓▓▓▓▓▓▓                   "
"                                                                                                    "
"                                                                                                    "
"                                                                                                    "
"                                                                                                    "
"                                                                                                    "
