---
source: src/app.rs
expression: terminal.backend()
---
"┌──────────────────────────────────────────────────────────────────────────────────────────────────┐"
"│                                                                                                  │"
"└──────────────────────────────────────────────────────────────────────────────────────────────────┘"
"                                                                                                    "
"                                                                                                    "
"                                                                                                    "
"                                                                                                    "
"                                                                                                    "
"                                                                                                    "
"                                                                                                    "
"                                                                                                    "
"                                                                                                    "
"                                                                                                    "
"                                                                                                    "
"                                                                                                    "
"                                                                                                    "
"                                                                                                    "
"                                                                                                    "
"                                                                                                    "
"                                                                                                    "
"                                                                                                    "
"                                                                                                    "
"                                                                                                    "
"                                                                                                    "
"                                                                                                    "
"┌ Details ─────────────────────────────────────────────────────────────────────────────────────────┐"
"│Command                                  Time       Lines      Size                               │"
"│<stdin>                                  -          0          0 B                                │"
"└──────────────────────────────────────────────────────────────────────────────────────────────────┘"
"                                        F1 Help Ctrl+C Quit                                     L:0 "
