---
source: src/app.rs
expression: terminal.backend()
---
"                           ┌ Keys ──────────────────────────────────────┐                           "
"                           │                                            │▓                          "
"                           │                  Commands                  │▓                          "
"                           │enter        - Execute full command         │▓                          "
"                           │alt+\        - Execute until cursor         │▓                          "
"                           │alt+|        - Execute before cursor        │▓                          "
"                           │alt+i        - Reset input                  │▓                          "
"                           │                                            │▓                          "
"                           │f9           - Toggle execution details     │▓                          "
"                           │f12          - Toggle Live mode             │▓                          "
"                           │f11          - Toggle Live Until Cursor mode│▓                          "
"┌──────────────────────────│                                            │▓─────────────────────────┐"
"│                          │               Subcommand edit              │▓                         │"
"└──────────────────────────│                      ▼                     │▓─────────────────────────┘"
"                           └────────────────────────────────────────────┘▓                      L:0 "
