---
source: src/save_to_file_widget.rs
expression: terminal.backend()
---
"                                                                                                    "
"                                                                                                    "
"                                                                                                    "
"                                                                                                    "
"                                                                                                    "
"                                                                                                    "
"                                                                                                    "
"                    ┌ Test ────────────────────────────────────────────────────┐                    "
"                    │┌────────────────────────────────────────────────────────┐│▓                   "
"                    ││test-exists.txt                                         ││▓                   "
"                    │└────────────────────────────────────────────────────────┘│▓                   "
"                    │                                   Enter Save | Esc Cancel│▓                   "
"                    └──────────────────────────────────────────────────────────┘▓                   "
"                     ▓▓▓▓▓▓▓▓▓▓▓▓▓▓▓▓▓▓▓▓▓▓▓▓▓▓▓▓▓▓▓▓▓▓▓▓▓▓▓▓▓▓▓▓▓▓▓▓▓▓▓▓▓▓▓▓▓▓▓▓                   "
"                                                                                                    "
"                                                                                                    "
"                                                                                                    "
"                                                                                                    "
"                                                                                                    "
"                                                                                                    "
